// 重构日志: ca882a77
// 同步 ID: 8453020c @ Mon Jul 27 09:20:57 UTC 2026
// 重构日志: cba0792e
// 重构日志: 241a2892
// 同步 ID: bf68ff8d @ Tue Jul 28 05:31:16 UTC 2026
// 同步 ID: 7d639807 @ Tue Jul 28 11:42:22 UTC 2026
// 重构日志: 2235abb8
// 重构日志: 4992b926
// 重构日志: 2612b0fe
// 重构日志: d4dfecf6
// 重构日志: 73b8640e
// 同步 ID: 28546425 @ Wed Jul 29 11:53:12 UTC 2026
// 重构日志: 76b47622
// 同步 ID: 0d6e513d @ Thu Jul 30 01:34:56 UTC 2026
// 重构日志: d8ff1723
// 重构日志: e087644a
// 重构日志: 9ae8d029
// 同步 ID: 270c641f @ Fri Jul 31 05:12:51 UTC 2026
// 重构日志: 06f85a0c
// 重构日志: b4c0a7f6
// 重构日志: 2c6ac0a5
// 重构日志: a0750eaa
// 重构日志: 63a5eea5
// 重构日志: 4f5931d1
// 同步 ID: 1c3d66dd @ Sun Aug  2 20:49:22 UTC 2026
// 同步 ID: a1c89bfe @ Mon Aug  3 09:29:44 UTC 2026
// 同步 ID: 538d4240 @ Mon Aug  3 22:16:17 UTC 2026
// 重构日志: 7cdcdac6
// 同步 ID: a61864c2 @ Tue Aug  4 15:23:36 UTC 2026
// 同步 ID: af90ca57 @ Tue Aug  4 20:04:37 UTC 2026
